// Jest Snapshot v1, https://goo.gl/fbAQLP

exports[`Pruebas en componente <PrimerApp /> debe de mostrar el compomente <PrimerApp /> correctamente 1`] = `
<Fragment>
  <h1>
    Hola soy Goku
    !!!
  </h1>
  <p>
    Soy un subtitulo
  </p>
</Fragment>
`;
