// Jest Snapshot v1, https://goo.gl/fbAQLP

exports[`Pruebas en <RealExampleRef /> debe mostrarse correctamente (snapshot) 1`] = `
<div>
  <h1>
    RealExampleRef
  </h1>
  <hr />
  <button
    className="btn btn-primary nt-5"
    onClick={[Function]}
  >
    Show/Hude
  </button>
</div>
`;
